
[TEST] Starting High-Fidelity Pipeline Test: test3.mp4
------------------------------------------------------------
2026-04-27 18:07:38,484 - processor - INFO - System State: Ollama=True, Workers=1
2026-04-27 18:07:38,484 - processor - INFO - Step 1: Ingesting video (Scenes + Transcription)...
2026-04-27 18:07:38,484 - extractor - INFO - Detecting scenes in test3.mp4 (Duration: 8.00s)...
python : 2026-04-27 18:07:38,484 - engine.utils - WARNING - CUDA check subprocess timed out after 5s. Assuming CUDA is 
unavailable/unstable.
At line:1 char:1
+ python -X utf8 scratch/test_high_fidelity.py > test_log.txt 2>&1
+ ~~~~~~~~~~~~~~~~~~~~~~~~~~~~~~~~~~~~~~~~~~~~~~~~~~~~~~~~~~~~~~~~
    + CategoryInfo          : NotSpecified: (2026-04-27 18:0...lable/unstable.:String) [], RemoteException
    + FullyQualifiedErrorId : NativeCommandError
 
2026-04-27 18:07:38,484 - processor - INFO - System State: Ollama=True, Workers=1
2026-04-27 18:07:38,484 - processor - INFO - Step 1: Ingesting video (Scenes + Transcription)...
2026-04-27 18:07:38,484 - extractor - INFO - Detecting scenes in test3.mp4 (Duration: 8.00s)...
2026-04-27 18:07:38,484 - extractor - INFO - Video under 15s. Treating as single semantic block.
2026-04-27 18:07:38,484 - extractor - INFO - Video under 15s. Treating as single semantic block.
2026-04-27 18:07:38,484 - extractor - INFO - Scene 1: 0.00s to 8.00s
2026-04-27 18:07:38,484 - extractor - INFO - Scene 1: 0.00s to 8.00s
2026-04-27 18:07:38,577 - extractor - INFO - Total unique scenes extracted: 1
2026-04-27 18:07:38,577 - extractor - INFO - Total unique scenes extracted: 1
2026-04-27 18:07:38,578 - analyzer.ocr - INFO - Initializing EasyOCR (CPU mode to save VRAM)...
2026-04-27 18:07:38,578 - analyzer.ocr - INFO - Initializing EasyOCR (CPU mode to save VRAM)...
2026-04-27 18:07:38,579 - easyocr.easyocr - WARNING - Using CPU. Note: This module is much faster with a GPU.
2026-04-27 18:07:40,740 - processor - INFO - Phase 1: Mapping Global Context...
2026-04-27 18:07:40,740 - processor - INFO - Phase 1: Mapping Global Context...
2026-04-27 18:07:40,740 - analyzer.context_mapper - INFO - Generating Global Context Map...
2026-04-27 18:07:40,740 - analyzer.context_mapper - INFO - Generating Global Context Map...
2026-04-27 18:07:40,741 - analyzer.llm - INFO - Generating text for prompt (length: 1619)
2026-04-27 18:07:40,741 - analyzer.llm - INFO - Generating text for prompt (length: 1619)
2026-04-27 18:07:40,742 - analyzer.context_mapper - INFO - Global Context saved to high_fidelity_output\global_context.json
2026-04-27 18:07:40,742 - analyzer.context_mapper - INFO - Global Context saved to 
high_fidelity_output\global_context.json
2026-04-27 18:07:40,742 - processor - INFO - Phase 2: Autonomous Research Expansion...
2026-04-27 18:07:40,742 - processor - INFO - Phase 2: Autonomous Research Expansion...
2026-04-27 18:07:40,742 - analyzer.researcher - INFO - Identified 2 research gaps. Starting autonomous research...
2026-04-27 18:07:40,742 - analyzer.researcher - INFO - Identified 2 research gaps. Starting autonomous research...
2026-04-27 18:07:40,742 - analyzer.researcher - INFO - Researching: Cavitation effects at high speeds
2026-04-27 18:07:40,742 - analyzer.researcher - INFO - Researching: Cavitation effects at high speeds
2026-04-27 18:07:40,742 - analyzer.llm - INFO - Generating text for prompt (length: 431)
2026-04-27 18:07:40,742 - analyzer.llm - INFO - Generating text for prompt (length: 431)
2026-04-27 18:07:40,742 - processor - INFO - Researching: Cavitation effects at high speeds
2026-04-27 18:07:40,742 - processor - INFO - Researching: Cavitation effects at high speeds
2026-04-27 18:07:40,742 - analyzer.llm - INFO - Generating text for prompt (length: 571)
2026-04-27 18:07:40,742 - analyzer.llm - INFO - Generating text for prompt (length: 571)
2026-04-27 18:07:40,742 - analyzer.researcher - INFO - Researching: Seal integrity under pressure
2026-04-27 18:07:40,742 - analyzer.researcher - INFO - Researching: Seal integrity under pressure
2026-04-27 18:07:40,742 - analyzer.llm - INFO - Generating text for prompt (length: 427)
2026-04-27 18:07:40,742 - analyzer.llm - INFO - Generating text for prompt (length: 427)
2026-04-27 18:07:40,742 - processor - INFO - Researching: Seal integrity under pressure
2026-04-27 18:07:40,742 - processor - INFO - Researching: Seal integrity under pressure
2026-04-27 18:07:40,742 - analyzer.llm - INFO - Generating text for prompt (length: 559)
2026-04-27 18:07:40,742 - analyzer.llm - INFO - Generating text for prompt (length: 559)
2026-04-27 18:07:40,743 - processor - INFO - Phase 4: Generating Holistic E2B Diagrams...
2026-04-27 18:07:40,743 - processor - INFO - Phase 4: Generating Holistic E2B Diagrams...
2026-04-27 18:07:40,743 - analyzer.diagram_engine - INFO - Generating Holistic Mermaid Mindmap...
2026-04-27 18:07:40,743 - analyzer.diagram_engine - INFO - Generating Holistic Mermaid Mindmap...
2026-04-27 18:07:40,743 - analyzer.llm - INFO - Generating text for prompt (length: 726)
2026-04-27 18:07:40,743 - analyzer.llm - INFO - Generating text for prompt (length: 726)
2026-04-27 18:07:40,743 - processor - INFO - Phase 3: Context-Injected 'Reduce' Synthesis...
2026-04-27 18:07:40,743 - processor - INFO - Phase 3: Context-Injected 'Reduce' Synthesis...
2026-04-27 18:07:40,743 - analyzer - INFO - Parallel Conversion: Analyzing 1 scenes using 1 workers...
2026-04-27 18:07:40,743 - analyzer - INFO - Parallel Conversion: Analyzing 1 scenes using 1 workers...
2026-04-27 18:07:40,744 - analyzer - INFO - Processing scene 1/1 from [0.0, 8.0]
2026-04-27 18:07:40,744 - analyzer - INFO - Processing scene 1/1 from [0.0, 8.0]
